
> design-ops-orchestrator@4.1.0 lint
> gulp lint

`import sass from 'sass'` is deprecated.
Please use `import * as sass from 'sass'` instead.
[08:33:52] Using gulpfile ~/work/design-ops-orchestrator/design-ops-orchestrator/gulpfile.js
[08:33:52] Starting 'lint'...
[08:33:52] Starting 'lintStyles'...
[08:33:52] Starting 'lintScripts'...
[08:33:52] Starting 'lintPug'...
[08:33:52] Finished 'lintScripts' after 13 ms
[08:33:52] Finished 'lintPug' after 417 ms

src/styles/abstracts/_variables.scss
  [2m16:1[22m   [31m[31m✖[39m  Unexpected empty line before $-variable           [2mscss/dollar-variable-empty-line-before[22m
  [2m17:34[22m  [31m[31m✖[39m  Expected "SFMono-Regular" to be "sfmono-regular"  [2mvalue-keyword-case[22m
  [2m17:50[22m  [31m[31m✖[39m  Expected "Menlo" to be "menlo"                    [2mvalue-keyword-case[22m
  [2m17:57[22m  [31m[31m✖[39m  Expected "Monaco" to be "monaco"                  [2mvalue-keyword-case[22m
  [2m17:65[22m  [31m[31m✖[39m  Expected "Consolas" to be "consolas"              [2mvalue-keyword-case[22m

src/styles/components/_buttons.scss
  [2m18:31[22m  [31m[31m✖[39m  Expected color.adjust($color, $lightness: -$amount) instead of darken($color, $amount)  [2mscss/no-global-function-names[22m
  [2m28:31[22m  [31m[31m✖[39m  Expected color.adjust($color, $lightness: -$amount) instead of darken($color, $amount)  [2mscss/no-global-function-names[22m

src/styles/pages/_design-system.scss
  [2m36:9[22m   [31m[31m✖[39m  Unexpected vendor-prefixed property "-webkit-background-clip"  [2mproperty-no-vendor-prefix[22m
  [2m94:33[22m  [31m[31m✖[39m  Expected modern color-function notation                        [2mcolor-function-notation[22m
  [2m94:44[22m  [31m[31m✖[39m  Expected "0.05" to be "5%"                                     [2malpha-value-notation[22m

[31m✖[39m 10 problems ([31m10 errors[39m, [33m0 warnings[39m)
  8 errors potentially fixable with the "--fix" option.


[08:33:53] Finished 'lintStyles' after 815 ms
[08:33:53] Finished 'lint' after 816 ms
