
> design-ops-orchestrator@4.1.0 build
> gulp build --production

`import sass from 'sass'` is deprecated.
Please use `import * as sass from 'sass'` instead.
[07:59:26] Using gulpfile ~/work/design-ops-orchestrator/design-ops-orchestrator/gulpfile.js
[07:59:26] Starting 'build'...
[07:59:26] Starting 'clean'...
[07:59:26] Finished 'clean' after 7.59 ms
[07:59:26] Starting 'tokens'...
[07:59:26] Starting 'content'...
[07:59:26] Finished 'content' after 17 ms
[07:59:26] ✔ Converted Figma Tokens: _generated-tokens.scss
[07:59:26] Finished 'tokens' after 25 ms
[07:59:26] Starting 'lintStyles'...
[07:59:26] Starting 'lintScripts'...
[07:59:26] Starting 'lintPug'...
[07:59:26] Finished 'lintScripts' after 14 ms
[07:59:26] Finished 'lintPug' after 397 ms

src/styles/abstracts/_generated-tokens.scss
  [2m11:22[22m  [31m[31m✖[39m  Expected "Inter" to be "inter"  [2mvalue-keyword-case[22m

src/styles/abstracts/_variables.scss
  [2m16:1[22m   [31m[31m✖[39m  Unexpected empty line before $-variable           [2mscss/dollar-variable-empty-line-before[22m
  [2m17:34[22m  [31m[31m✖[39m  Expected "SFMono-Regular" to be "sfmono-regular"  [2mvalue-keyword-case[22m
  [2m17:50[22m  [31m[31m✖[39m  Expected "Menlo" to be "menlo"                    [2mvalue-keyword-case[22m
  [2m17:57[22m  [31m[31m✖[39m  Expected "Monaco" to be "monaco"                  [2mvalue-keyword-case[22m
  [2m17:65[22m  [31m[31m✖[39m  Expected "Consolas" to be "consolas"              [2mvalue-keyword-case[22m

src/styles/components/_buttons.scss
  [2m18:31[22m  [31m[31m✖[39m  Expected color.adjust($color, $lightness: -$amount) instead of darken($color, $amount)  [2mscss/no-global-function-names[22m
  [2m28:31[22m  [31m[31m✖[39m  Expected color.adjust($color, $lightness: -$amount) instead of darken($color, $amount)  [2mscss/no-global-function-names[22m

src/styles/pages/_design-system.scss
  [2m36:9[22m   [31m[31m✖[39m  Unexpected vendor-prefixed property "-webkit-background-clip"  [2mproperty-no-vendor-prefix[22m
  [2m94:33[22m  [31m[31m✖[39m  Expected modern color-function notation                        [2mcolor-function-notation[22m
  [2m94:44[22m  [31m[31m✖[39m  Expected "0.05" to be "5%"                                     [2malpha-value-notation[22m

[31m✖[39m 11 problems ([31m11 errors[39m, [33m0 warnings[39m)
  9 errors potentially fixable with the "--fix" option.


[07:59:27] Finished 'lintStyles' after 848 ms
[07:59:27] Starting 'images'...
[07:59:27] Starting 'media'...
[07:59:27] Starting 'videos'...
[07:59:27] Starting 'sprite'...
[07:59:27] Starting 'fonts'...
[07:59:27] Starting 'motion'...
[07:59:27] Starting 'staticFiles'...
[07:59:27] Finished 'videos' after 5.07 ms
[07:59:27] Finished 'sprite' after 5.08 ms
[07:59:27] Finished 'fonts' after 5.11 ms
[07:59:27] Finished 'motion' after 4.88 ms
[07:59:27] Finished 'images' after 6.47 ms
[07:59:27] Finished 'media' after 6.33 ms
[07:59:27] Finished 'staticFiles' after 11 ms
[07:59:27] Starting 'styles'...
[07:59:27] Starting 'scripts'...
DEPRECATION WARNING [legacy-js-api]: The legacy JS API is deprecated and will be removed in Dart Sass 2.0.0.

More info: https://sass-lang.com/d/legacy-js-api

DEPRECATION WARNING [global-builtin]: Global built-in functions are deprecated and will be removed in Dart Sass 3.0.0.
Use color.adjust instead.

More info and automated migrator: https://sass-lang.com/d/import

   ╷
18 │             background-color: darken(variables.$primary-color, 10%);
   │                               ^^^^^^^^^^^^^^^^^^^^^^^^^^^^^^^^^^^^^
   ╵
    src/styles/components/_buttons.scss 18:31  @use
    src/styles/main.scss 4:1                   root stylesheet

DEPRECATION WARNING [color-functions]: darken() is deprecated. Suggestions:

color.scale($color, $lightness: -15%)
color.adjust($color, $lightness: -10%)

More info: https://sass-lang.com/d/color-functions

   ╷
18 │             background-color: darken(variables.$primary-color, 10%);
   │                               ^^^^^^^^^^^^^^^^^^^^^^^^^^^^^^^^^^^^^
   ╵
    src/styles/components/_buttons.scss 18:31  @use
    src/styles/main.scss 4:1                   root stylesheet

DEPRECATION WARNING [global-builtin]: Global built-in functions are deprecated and will be removed in Dart Sass 3.0.0.
Use color.adjust instead.

More info and automated migrator: https://sass-lang.com/d/import

   ╷
28 │             background-color: darken(variables.$secondary-color, 10%);
   │                               ^^^^^^^^^^^^^^^^^^^^^^^^^^^^^^^^^^^^^^^
   ╵
    src/styles/components/_buttons.scss 28:31  @use
    src/styles/main.scss 4:1                   root stylesheet

DEPRECATION WARNING [color-functions]: darken() is deprecated. Suggestions:

color.scale($color, $lightness: -15.0887573964%)
color.adjust($color, $lightness: -10%)

More info: https://sass-lang.com/d/color-functions

   ╷
28 │             background-color: darken(variables.$secondary-color, 10%);
   │                               ^^^^^^^^^^^^^^^^^^^^^^^^^^^^^^^^^^^^^^^
   ╵
    src/styles/components/_buttons.scss 28:31  @use
    src/styles/main.scss 4:1                   root stylesheet

